2026-05-15 10:36:12.434: [INFO] OnDoneLoading sync enabled: 0
2026-05-15 10:36:30.350: [INFO] OnDoneLoading sync enabled: 0
2026-06-18 12:38:43.892: [INFO] OnDoneLoading sync enabled: 0
2026-06-26 03:52:39.404: [INFO] OnDoneLoading sync enabled: 0
2026-06-30 13:57:27.241: [INFO] OnDoneLoading sync enabled: 0
2026-07-29 09:30:35.156: [INFO] OnDoneLoading sync enabled: 0
2026-07-30 09:00:08.466: [INFO] OnDoneLoading sync enabled: 0
2026-07-31 07:17:45.779: [INFO] OnDoneLoading sync enabled: 0
2026-07-31 10:58:48.490: [INFO] OnDoneLoading sync enabled: 0
2026-08-07 05:23:32.938: [INFO] CurrentProfilePath: C:\WORK\ECLIPSE\workspaceForlc-reconciliation\.metadata\.plugins\org.eclipse.swt\EBWebView\Default
2026-08-07 05:23:32.938: [INFO] Profiles total count: 1
2026-08-07 05:23:32.938: [INFO] Profile: name=Profile 1 path=C:\WORK\ECLIPSE\workspaceForlc-reconciliation\.metadata\.plugins\org.eclipse.swt\EBWebView\Default lastActive=2026-05-15T10:36:15.919Z
2026-08-07 05:23:32.938: [INFO] LastUsedProfileDir: C:\WORK\ECLIPSE\workspaceForlc-reconciliation\.metadata\.plugins\org.eclipse.swt\EBWebView\Default
2026-08-07 05:23:32.939: [INFO] MostRecentlyActiveProfile: name=Profile 1 path=C:\WORK\ECLIPSE\workspaceForlc-reconciliation\.metadata\.plugins\org.eclipse.swt\EBWebView\Default lastActive=2026-05-15T10:36:15.919Z
2026-08-07 05:23:32.939: [INFO] OnDoneLoading sync enabled: 0
2026-08-07 05:23:32.939: [INFO] BookmarkModelLoaded, ids_reassigned: 0
2026-08-07 05:23:32.939: [INFO] BookmarksLoadDropped droppedNodes=0
2026-08-07 05:23:32.939: [INFO] BookmarksSnapshot Startup total=0 bar=0 other=0 mobile=0 showBar=0 showBarNTP=1
2026-08-07 09:08:33.611: [INFO] BookmarksSnapshot Shutdown total=0 bar=0 other=0 mobile=0 showBar=0 showBarNTP=1
2026-08-07 09:22:42.689: [INFO] CurrentProfilePath: C:\WORK\ECLIPSE\workspaceForlc-reconciliation\.metadata\.plugins\org.eclipse.swt\EBWebView\Default
2026-08-07 09:22:42.689: [INFO] Profiles total count: 1
2026-08-07 09:22:42.689: [INFO] Profile: name=Profile 1 path=C:\WORK\ECLIPSE\workspaceForlc-reconciliation\.metadata\.plugins\org.eclipse.swt\EBWebView\Default lastActive=2026-05-15T10:36:15.919Z
2026-08-07 09:22:42.689: [INFO] LastUsedProfileDir: C:\WORK\ECLIPSE\workspaceForlc-reconciliation\.metadata\.plugins\org.eclipse.swt\EBWebView\Default
2026-08-07 09:22:42.689: [INFO] MostRecentlyActiveProfile: name=Profile 1 path=C:\WORK\ECLIPSE\workspaceForlc-reconciliation\.metadata\.plugins\org.eclipse.swt\EBWebView\Default lastActive=2026-05-15T10:36:15.919Z
2026-08-07 09:22:42.689: [INFO] OnDoneLoading sync enabled: 0
2026-08-07 09:22:42.689: [INFO] BookmarkModelLoaded, ids_reassigned: 0
2026-08-07 09:22:42.689: [INFO] BookmarksLoadDropped droppedNodes=0
2026-08-07 09:22:42.689: [INFO] BookmarksSnapshot Startup total=0 bar=0 other=0 mobile=0 showBar=0 showBarNTP=1
2026-08-07 10:40:47.511: [INFO] BookmarksSnapshot Shutdown total=0 bar=0 other=0 mobile=0 showBar=0 showBarNTP=1
2026-08-07 10:41:00.797: [INFO] CurrentProfilePath: C:\WORK\ECLIPSE\workspaceForlc-reconciliation\.metadata\.plugins\org.eclipse.swt\EBWebView\Default
2026-08-07 10:41:00.797: [INFO] Profiles total count: 1
2026-08-07 10:41:00.797: [INFO] Profile: name=Profile 1 path=C:\WORK\ECLIPSE\workspaceForlc-reconciliation\.metadata\.plugins\org.eclipse.swt\EBWebView\Default lastActive=2026-05-15T10:36:15.919Z
2026-08-07 10:41:00.797: [INFO] LastUsedProfileDir: C:\WORK\ECLIPSE\workspaceForlc-reconciliation\.metadata\.plugins\org.eclipse.swt\EBWebView\Default
2026-08-07 10:41:00.797: [INFO] MostRecentlyActiveProfile: name=Profile 1 path=C:\WORK\ECLIPSE\workspaceForlc-reconciliation\.metadata\.plugins\org.eclipse.swt\EBWebView\Default lastActive=2026-05-15T10:36:15.919Z
2026-08-07 10:41:00.797: [INFO] OnDoneLoading sync enabled: 0
2026-08-07 10:41:00.797: [INFO] BookmarkModelLoaded, ids_reassigned: 0
2026-08-07 10:41:00.797: [INFO] BookmarksLoadDropped droppedNodes=0
2026-08-07 10:41:00.797: [INFO] BookmarksSnapshot Startup total=0 bar=0 other=0 mobile=0 showBar=0 showBarNTP=1
2026-08-07 13:04:03.322: [INFO] BookmarksSnapshot Shutdown total=0 bar=0 other=0 mobile=0 showBar=0 showBarNTP=1
2026-08-10 05:29:44.862: [INFO] CurrentProfilePath: C:\WORK\ECLIPSE\workspaceForlc-reconciliation\.metadata\.plugins\org.eclipse.swt\EBWebView\Default
2026-08-10 05:29:44.862: [INFO] Profiles total count: 1
2026-08-10 05:29:44.863: [INFO] Profile: name=Profile 1 path=C:\WORK\ECLIPSE\workspaceForlc-reconciliation\.metadata\.plugins\org.eclipse.swt\EBWebView\Default lastActive=2026-05-15T10:36:15.919Z
2026-08-10 05:29:44.863: [INFO] LastUsedProfileDir: C:\WORK\ECLIPSE\workspaceForlc-reconciliation\.metadata\.plugins\org.eclipse.swt\EBWebView\Default
2026-08-10 05:29:44.863: [INFO] MostRecentlyActiveProfile: name=Profile 1 path=C:\WORK\ECLIPSE\workspaceForlc-reconciliation\.metadata\.plugins\org.eclipse.swt\EBWebView\Default lastActive=2026-05-15T10:36:15.919Z
2026-08-10 05:29:44.863: [INFO] OnDoneLoading sync enabled: 0
2026-08-10 05:29:44.863: [INFO] BookmarkModelLoaded, ids_reassigned: 0
2026-08-10 05:29:44.863: [INFO] BookmarksLoadDropped droppedNodes=0
2026-08-10 05:29:44.863: [INFO] BookmarksSnapshot Startup total=0 bar=0 other=0 mobile=0 showBar=0 showBarNTP=1
2026-08-10 07:24:24.407: [INFO] BookmarksSnapshot Shutdown total=0 bar=0 other=0 mobile=0 showBar=0 showBarNTP=1
2026-08-13 06:08:29.299: [INFO] CurrentProfilePath: C:\WORK\ECLIPSE\workspaceForlc-reconciliation\.metadata\.plugins\org.eclipse.swt\EBWebView\Default
2026-08-13 06:08:29.299: [INFO] Profiles total count: 1
2026-08-13 06:08:29.300: [INFO] Profile: name=Profile 1 path=C:\WORK\ECLIPSE\workspaceForlc-reconciliation\.metadata\.plugins\org.eclipse.swt\EBWebView\Default lastActive=2026-05-15T10:36:15.919Z
2026-08-13 06:08:29.300: [INFO] LastUsedProfileDir: C:\WORK\ECLIPSE\workspaceForlc-reconciliation\.metadata\.plugins\org.eclipse.swt\EBWebView\Default
2026-08-13 06:08:29.300: [INFO] MostRecentlyActiveProfile: name=Profile 1 path=C:\WORK\ECLIPSE\workspaceForlc-reconciliation\.metadata\.plugins\org.eclipse.swt\EBWebView\Default lastActive=2026-05-15T10:36:15.919Z
2026-08-13 06:08:29.300: [INFO] OnDoneLoading sync enabled: 0
2026-08-13 06:08:29.300: [INFO] BookmarkModelLoaded, ids_reassigned: 0
2026-08-13 06:08:29.300: [INFO] BookmarksLoadDropped droppedNodes=0
2026-08-13 06:08:29.300: [INFO] BookmarksSnapshot Startup total=0 bar=0 other=0 mobile=0 showBar=0 showBarNTP=1
2026-08-13 06:14:16.274: [INFO] BookmarksSnapshot Shutdown total=0 bar=0 other=0 mobile=0 showBar=0 showBarNTP=1
2026-08-14 05:23:20.500: [INFO] CurrentProfilePath: C:\WORK\ECLIPSE\workspaceForlc-reconciliation\.metadata\.plugins\org.eclipse.swt\EBWebView\Default
2026-08-14 05:23:20.500: [INFO] Profiles total count: 1
2026-08-14 05:23:20.500: [INFO] Profile: name=Profile 1 path=C:\WORK\ECLIPSE\workspaceForlc-reconciliation\.metadata\.plugins\org.eclipse.swt\EBWebView\Default lastActive=2026-05-15T10:36:15.919Z
2026-08-14 05:23:20.500: [INFO] LastUsedProfileDir: C:\WORK\ECLIPSE\workspaceForlc-reconciliation\.metadata\.plugins\org.eclipse.swt\EBWebView\Default
2026-08-14 05:23:20.501: [INFO] MostRecentlyActiveProfile: name=Profile 1 path=C:\WORK\ECLIPSE\workspaceForlc-reconciliation\.metadata\.plugins\org.eclipse.swt\EBWebView\Default lastActive=2026-05-15T10:36:15.919Z
2026-08-14 05:23:20.501: [INFO] OnDoneLoading sync enabled: 0
2026-08-14 05:23:20.501: [INFO] BookmarkModelLoaded, ids_reassigned: 0
2026-08-14 05:23:20.501: [INFO] BookmarksLoadDropped droppedNodes=0
2026-08-14 05:23:20.501: [INFO] BookmarksSnapshot Startup total=0 bar=0 other=0 mobile=0 showBar=0 showBarNTP=1
2026-08-14 08:24:42.845: [INFO] BookmarksSnapshot Shutdown total=0 bar=0 other=0 mobile=0 showBar=0 showBarNTP=1
2026-08-14 12:10:05.804: [INFO] CurrentProfilePath: C:\WORK\ECLIPSE\workspaceForlc-reconciliation\.metadata\.plugins\org.eclipse.swt\EBWebView\Default
2026-08-14 12:10:05.804: [INFO] Profiles total count: 1
2026-08-14 12:10:05.804: [INFO] Profile: name=Profile 1 path=C:\WORK\ECLIPSE\workspaceForlc-reconciliation\.metadata\.plugins\org.eclipse.swt\EBWebView\Default lastActive=2026-05-15T10:36:15.919Z
2026-08-14 12:10:05.804: [INFO] LastUsedProfileDir: C:\WORK\ECLIPSE\workspaceForlc-reconciliation\.metadata\.plugins\org.eclipse.swt\EBWebView\Default
2026-08-14 12:10:05.804: [INFO] MostRecentlyActiveProfile: name=Profile 1 path=C:\WORK\ECLIPSE\workspaceForlc-reconciliation\.metadata\.plugins\org.eclipse.swt\EBWebView\Default lastActive=2026-05-15T10:36:15.919Z
2026-08-14 12:10:05.804: [INFO] OnDoneLoading sync enabled: 0
2026-08-14 12:10:05.804: [INFO] BookmarkModelLoaded, ids_reassigned: 0
2026-08-14 12:10:05.804: [INFO] BookmarksLoadDropped droppedNodes=0
2026-08-14 12:10:05.804: [INFO] BookmarksSnapshot Startup total=0 bar=0 other=0 mobile=0 showBar=0 showBarNTP=1
2026-08-14 12:33:58.192: [INFO] BookmarksSnapshot Shutdown total=0 bar=0 other=0 mobile=0 showBar=0 showBarNTP=1
2026-08-14 12:35:31.903: [INFO] CurrentProfilePath: C:\WORK\ECLIPSE\workspaceForlc-reconciliation\.metadata\.plugins\org.eclipse.swt\EBWebView\Default
2026-08-14 12:35:31.903: [INFO] Profiles total count: 1
2026-08-14 12:35:31.904: [INFO] Profile: name=Profile 1 path=C:\WORK\ECLIPSE\workspaceForlc-reconciliation\.metadata\.plugins\org.eclipse.swt\EBWebView\Default lastActive=2026-05-15T10:36:15.919Z
2026-08-14 12:35:31.904: [INFO] LastUsedProfileDir: C:\WORK\ECLIPSE\workspaceForlc-reconciliation\.metadata\.plugins\org.eclipse.swt\EBWebView\Default
2026-08-14 12:35:31.904: [INFO] MostRecentlyActiveProfile: name=Profile 1 path=C:\WORK\ECLIPSE\workspaceForlc-reconciliation\.metadata\.plugins\org.eclipse.swt\EBWebView\Default lastActive=2026-05-15T10:36:15.919Z
2026-08-14 12:35:31.904: [INFO] OnDoneLoading sync enabled: 0
2026-08-14 12:35:31.904: [INFO] BookmarkModelLoaded, ids_reassigned: 0
2026-08-14 12:35:31.904: [INFO] BookmarksLoadDropped droppedNodes=0
2026-08-14 12:35:31.904: [INFO] BookmarksSnapshot Startup total=0 bar=0 other=0 mobile=0 showBar=0 showBarNTP=1
2026-08-14 12:36:28.830: [INFO] BookmarksSnapshot Shutdown total=0 bar=0 other=0 mobile=0 showBar=0 showBarNTP=1
2026-08-14 12:48:59.685: [INFO] CurrentProfilePath: C:\WORK\ECLIPSE\workspaceForlc-reconciliation\.metadata\.plugins\org.eclipse.swt\EBWebView\Default
2026-08-14 12:48:59.685: [INFO] Profiles total count: 1
2026-08-14 12:48:59.686: [INFO] Profile: name=Profile 1 path=C:\WORK\ECLIPSE\workspaceForlc-reconciliation\.metadata\.plugins\org.eclipse.swt\EBWebView\Default lastActive=2026-05-15T10:36:15.919Z
2026-08-14 12:48:59.686: [INFO] LastUsedProfileDir: C:\WORK\ECLIPSE\workspaceForlc-reconciliation\.metadata\.plugins\org.eclipse.swt\EBWebView\Default
2026-08-14 12:48:59.686: [INFO] MostRecentlyActiveProfile: name=Profile 1 path=C:\WORK\ECLIPSE\workspaceForlc-reconciliation\.metadata\.plugins\org.eclipse.swt\EBWebView\Default lastActive=2026-05-15T10:36:15.919Z
2026-08-14 12:48:59.686: [INFO] OnDoneLoading sync enabled: 0
2026-08-14 12:48:59.686: [INFO] BookmarkModelLoaded, ids_reassigned: 0
2026-08-14 12:48:59.686: [INFO] BookmarksLoadDropped droppedNodes=0
2026-08-14 12:48:59.686: [INFO] BookmarksSnapshot Startup total=0 bar=0 other=0 mobile=0 showBar=0 showBarNTP=1
2026-08-14 12:51:55.361: [INFO] BookmarksSnapshot Shutdown total=0 bar=0 other=0 mobile=0 showBar=0 showBarNTP=1
2026-08-14 12:51:56.315: [INFO] CurrentProfilePath: C:\WORK\ECLIPSE\workspaceForlc-reconciliation\.metadata\.plugins\org.eclipse.swt\EBWebView\Default
2026-08-14 12:51:56.315: [INFO] Profiles total count: 1
2026-08-14 12:51:56.316: [INFO] Profile: name=Profile 1 path=C:\WORK\ECLIPSE\workspaceForlc-reconciliation\.metadata\.plugins\org.eclipse.swt\EBWebView\Default lastActive=2026-05-15T10:36:15.919Z
2026-08-14 12:51:56.316: [INFO] LastUsedProfileDir: C:\WORK\ECLIPSE\workspaceForlc-reconciliation\.metadata\.plugins\org.eclipse.swt\EBWebView\Default
2026-08-14 12:51:56.316: [INFO] MostRecentlyActiveProfile: name=Profile 1 path=C:\WORK\ECLIPSE\workspaceForlc-reconciliation\.metadata\.plugins\org.eclipse.swt\EBWebView\Default lastActive=2026-05-15T10:36:15.919Z
2026-08-14 12:51:56.316: [INFO] OnDoneLoading sync enabled: 0
2026-08-14 12:51:56.316: [INFO] BookmarkModelLoaded, ids_reassigned: 0
2026-08-14 12:51:56.316: [INFO] BookmarksLoadDropped droppedNodes=0
2026-08-14 12:51:56.316: [INFO] BookmarksSnapshot Startup total=0 bar=0 other=0 mobile=0 showBar=0 showBarNTP=1
2026-08-16 15:31:56.100: [INFO] BookmarksSnapshot Shutdown total=0 bar=0 other=0 mobile=0 showBar=0 showBarNTP=1
2026-08-17 12:42:04.367: [INFO] CurrentProfilePath: C:\WORK\ECLIPSE\workspaceForlc-reconciliation\.metadata\.plugins\org.eclipse.swt\EBWebView\Default
2026-08-17 12:42:04.367: [INFO] Profiles total count: 1
2026-08-17 12:42:04.367: [INFO] Profile: name=Profile 1 path=C:\WORK\ECLIPSE\workspaceForlc-reconciliation\.metadata\.plugins\org.eclipse.swt\EBWebView\Default lastActive=2026-05-15T10:36:15.919Z
2026-08-17 12:42:04.367: [INFO] LastUsedProfileDir: C:\WORK\ECLIPSE\workspaceForlc-reconciliation\.metadata\.plugins\org.eclipse.swt\EBWebView\Default
2026-08-17 12:42:04.367: [INFO] MostRecentlyActiveProfile: name=Profile 1 path=C:\WORK\ECLIPSE\workspaceForlc-reconciliation\.metadata\.plugins\org.eclipse.swt\EBWebView\Default lastActive=2026-05-15T10:36:15.919Z
2026-08-17 12:42:04.367: [INFO] OnDoneLoading sync enabled: 0
2026-08-17 12:42:04.367: [INFO] BookmarkModelLoaded, ids_reassigned: 0
2026-08-17 12:42:04.367: [INFO] BookmarksLoadDropped droppedNodes=0
2026-08-17 12:42:04.367: [INFO] BookmarksSnapshot Startup total=0 bar=0 other=0 mobile=0 showBar=0 showBarNTP=1
2026-08-17 13:00:54.527: [INFO] BookmarksSnapshot Shutdown total=0 bar=0 other=0 mobile=0 showBar=0 showBarNTP=1
2026-08-19 07:46:39.546: [INFO] CurrentProfilePath: C:\WORK\ECLIPSE\workspaceForlc-reconciliation\.metadata\.plugins\org.eclipse.swt\EBWebView\Default
2026-08-19 07:46:39.546: [INFO] Profiles total count: 1
2026-08-19 07:46:39.548: [INFO] Profile: name=Profile 1 path=C:\WORK\ECLIPSE\workspaceForlc-reconciliation\.metadata\.plugins\org.eclipse.swt\EBWebView\Default lastActive=2026-05-15T10:36:15.919Z
2026-08-19 07:46:39.548: [INFO] LastUsedProfileDir: C:\WORK\ECLIPSE\workspaceForlc-reconciliation\.metadata\.plugins\org.eclipse.swt\EBWebView\Default
2026-08-19 07:46:39.548: [INFO] MostRecentlyActiveProfile: name=Profile 1 path=C:\WORK\ECLIPSE\workspaceForlc-reconciliation\.metadata\.plugins\org.eclipse.swt\EBWebView\Default lastActive=2026-05-15T10:36:15.919Z
2026-08-19 07:46:39.548: [INFO] OnDoneLoading sync enabled: 0
2026-08-19 07:46:39.548: [INFO] BookmarkModelLoaded, ids_reassigned: 0
2026-08-19 07:46:39.548: [INFO] BookmarksLoadDropped droppedNodes=0
2026-08-19 07:46:39.548: [INFO] BookmarksSnapshot Startup total=0 bar=0 other=0 mobile=0 showBar=0 showBarNTP=1
2026-08-19 10:42:24.077: [INFO] BookmarksSnapshot Shutdown total=0 bar=0 other=0 mobile=0 showBar=0 showBarNTP=1
